
> creative-board-client@0.0.0 build
> tsc -b && vite build

src/app/Router.tsx(9,10): error TS2614: Module '"../pages/marketing/NotFoundPage"' has no exported member 'NotFoundPage'. Did you mean to use 'import NotFoundPage from "../pages/marketing/NotFoundPage"' instead?
src/app/Router.tsx(10,10): error TS2614: Module '"../pages/auth/LoginPage"' has no exported member 'LoginPage'. Did you mean to use 'import LoginPage from "../pages/auth/LoginPage"' instead?
src/app/Router.tsx(11,10): error TS2614: Module '"../pages/auth/RegisterPage"' has no exported member 'RegisterPage'. Did you mean to use 'import RegisterPage from "../pages/auth/RegisterPage"' instead?
src/components/auth/PasswordStrength.tsx(2,17): error TS6133: 'X' is declared but its value is never read.
src/components/canvas/Canvas.tsx(49,34): error TS6133: 'fillColor' is declared but its value is never read.
src/components/canvas/Canvas.tsx(50,9): error TS6133: 'opacity' is declared but its value is never read.
src/components/canvas/Canvas.tsx(50,44): error TS6133: 'setTool' is declared but its value is never read.
src/components/canvas/Canvas.tsx(57,65): error TS2339: Property 'color' does not exist on type 'User'.
src/components/canvas/Canvas.tsx(228,32): error TS2345: Argument of type '{ x: any; y: any; }' is not assignable to parameter of type 'Point'.
  Type '{ x: any; y: any; }' is missing the following properties from type 'Point': add, addEquals, scalarAdd, scalarAddEquals, and 28 more.
src/components/canvas/color-picker/ColorPickerPill.tsx(1,10): error TS6133: 'useRef' is declared but its value is never read.
src/components/canvas/color-picker/ColorPickerPill.tsx(1,28): error TS6133: 'useEffect' is declared but its value is never read.
src/components/canvas/color-picker/ColorPickerPill.tsx(8,12): error TS6133: 'isOpen' is declared but its value is never read.
src/components/canvas/color-picker/ColorPickerPill.tsx(8,20): error TS6133: 'setIsOpen' is declared but its value is never read.
src/components/canvas/overlays/ZoomControls.tsx(2,23): error TS6133: 'Maximize' is declared but its value is never read.
src/components/canvas/toolbar/Toolbar.tsx(2,47): error TS6133: 'Minus' is declared but its value is never read.
src/components/canvas/toolbar/Toolbar.tsx(2,54): error TS6133: 'MoveRight' is declared but its value is never read.
src/components/canvas/toolbar/Toolbar.tsx(13,12): error TS6133: 'showShapes' is declared but its value is never read.
src/components/canvas/toolbar/Toolbar.tsx(13,24): error TS6133: 'setShowShapes' is declared but its value is never read.
src/components/dashboard/BoardCard.tsx(2,16): error TS6133: 'Users' is declared but its value is never read.
src/components/dashboard/BoardCard.tsx(2,23): error TS6133: 'Lock' is declared but its value is never read.
src/components/dashboard/BoardCard.tsx(2,29): error TS6133: 'MoreVertical' is declared but its value is never read.
src/components/dashboard/BoardCard.tsx(23,54): error TS6133: 'deleteBoard' is declared but its value is never read.
src/components/dashboard/BoardCardMenu.tsx(22,5): error TS6133: 'boardId' is declared but its value is never read.
src/components/dashboard/BoardCardMenu.tsx(91,80): error TS2322: Type '(() => void) | undefined' is not assignable to type '() => void'.
  Type 'undefined' is not assignable to type '() => void'.
src/components/dashboard/BoardCardMenu.tsx(92,86): error TS2322: Type '(() => void) | undefined' is not assignable to type '() => void'.
  Type 'undefined' is not assignable to type '() => void'.
src/components/dashboard/NotificationBell.tsx(2,23): error TS6133: 'Trash' is declared but its value is never read.
src/components/dashboard/ShareModal.tsx(3,52): error TS6133: 'User' is declared but its value is never read.
src/components/dashboard/ShareModal.tsx(29,39): error TS2493: Tuple type '[AxiosResponse<any, any, {}>]' of length '1' has no element at index '1'.
src/components/dashboard/ShareModal.tsx(29,39): error TS6133: 'linkRes' is declared but its value is never read.
src/components/dashboard/UserDropdown.tsx(3,40): error TS6133: 'Sun' is declared but its value is never read.
src/components/layout/CanvasNavbar.tsx(1,16): error TS6133: 'useNavigate' is declared but its value is never read.
src/components/layout/CanvasNavbar.tsx(17,70): error TS6133: 'isConnected' is declared but its value is never read.
src/components/layout/DashboardLayout.tsx(3,1): error TS6133: 'useAuthStore' is declared but its value is never read.
src/components/layout/DashboardLayout.tsx(5,17): error TS6133: 'Clock' is declared but its value is never read.
src/components/layout/Footer.tsx(2,27): error TS6133: 'Linkedin' is declared but its value is never read.
src/components/layout/ProtectedRoute.tsx(11,41): error TS6133: 'getMe' is declared but its value is never read.
src/components/marketing/Hero.tsx(2,32): error TS6133: 'CheckCircle2' is declared but its value is never read.
src/config/env.ts(1,36): error TS2339: Property 'env' does not exist on type 'ImportMeta'.
src/config/env.ts(2,35): error TS2339: Property 'env' does not exist on type 'ImportMeta'.
src/hooks/collaboration/useCanvasSync.ts(97,15): error TS6133: 'onObjectAdded' is declared but its value is never read.
src/hooks/collaboration/useCanvasSync.ts(114,15): error TS6133: 'onObjectModified' is declared but its value is never read.
src/hooks/collaboration/useCursors.ts(4,26): error TS2307: Cannot find module 'lodash' or its corresponding type declarations.
src/hooks/collaboration/useCursors.ts(5,1): error TS6133: 'fabric' is declared but its value is never read.
src/hooks/collaboration/useCursors.ts(5,10): error TS2305: Module '"fabric"' has no exported member 'fabric'.
src/hooks/collaboration/useCursors.ts(15,45): error TS6133: 'canvasRef' is declared but its value is never read.
src/hooks/collaboration/useWebSocket.ts(7,13): error TS2339: Property 'token' does not exist on type 'AuthState'.
src/lib/collaboration/socketClient.ts(2,1): error TS6133: 'env' is declared but its value is never read.
src/lib/collaboration/socketClient.ts(2,10): error TS2305: Module '"@/config/env"' has no exported member 'env'.
src/lib/collaboration/socketClient.ts(25,38): error TS2339: Property 'env' does not exist on type 'ImportMeta'.
src/pages/auth/EmailVerifiedPage.tsx(10,11): error TS6133: 'navigate' is declared but its value is never read.
src/pages/auth/RegisterPage.tsx(9,53): error TS6133: 'Check' is declared but its value is never read.
src/pages/auth/VerifyEmailPage.tsx(5,1): error TS6133: 'api' is declared but its value is never read.
src/pages/dashboard/DashboardPage.tsx(9,43): error TS6133: 'Search' is declared but its value is never read.
src/pages/dashboard/DashboardPage.tsx(9,51): error TS6133: 'Plus' is declared but its value is never read.
src/stores/boardStore.ts(35,55): error TS6133: 'get' is declared but its value is never read.
